Reusing configuration cache.
> Task :clean UP-TO-DATE
> Task :app:preBuild UP-TO-DATE
> Task :app:preDebugBuild UP-TO-DATE
> Task :data:preBuild UP-TO-DATE
> Task :data:preDebugBuild UP-TO-DATE
> Task :domain:preBuild UP-TO-DATE
> Task :domain:preDebugBuild UP-TO-DATE
> Task :core:checkKotlinGradlePluginConfigurationErrors
> Task :data:checkKotlinGradlePluginConfigurationErrors
> Task :app:checkKotlinGradlePluginConfigurationErrors
> Task :domain:checkKotlinGradlePluginConfigurationErrors
> Task :app:preReleaseBuild UP-TO-DATE
> Task :data:preReleaseBuild UP-TO-DATE
> Task :domain:preReleaseBuild UP-TO-DATE
> Task :data:preDebugAndroidTestBuild UP-TO-DATE
> Task :domain:preDebugAndroidTestBuild UP-TO-DATE
> Task :app:preDebugUnitTestBuild UP-TO-DATE
> Task :app:preReleaseUnitTestBuild UP-TO-DATE
> Task :data:preDebugUnitTestBuild UP-TO-DATE
> Task :data:preReleaseUnitTestBuild UP-TO-DATE
> Task :domain:preDebugUnitTestBuild UP-TO-DATE
> Task :core:preBuild UP-TO-DATE
> Task :domain:preReleaseUnitTestBuild UP-TO-DATE
> Task :core:preDebugBuild UP-TO-DATE
> Task :core:preReleaseBuild UP-TO-DATE
> Task :core:preDebugAndroidTestBuild UP-TO-DATE
> Task :core:preDebugUnitTestBuild UP-TO-DATE
> Task :core:preReleaseUnitTestBuild UP-TO-DATE
> Task :domain:clean
> Task :domain:javaPreCompileDebug FROM-CACHE
> Task :domain:mergeDebugShaders FROM-CACHE
> Task :domain:compileDebugShaders NO-SOURCE
> Task :domain:generateDebugAssets UP-TO-DATE
> Task :domain:mergeDebugJniLibFolders FROM-CACHE
> Task :domain:generateDebugResValues FROM-CACHE
> Task :domain:generateDebugResources UP-TO-DATE
> Task :domain:mergeDebugNativeLibs NO-SOURCE
> Task :domain:writeDebugAarMetadata
> Task :domain:packageDebugAssets FROM-CACHE
> Task :domain:generateReleaseResValues FROM-CACHE
> Task :domain:generateReleaseResources UP-TO-DATE
> Task :domain:extractDeepLinksDebug FROM-CACHE
> Task :domain:copyDebugJniLibsProjectOnly
> Task :domain:processDebugManifest FROM-CACHE
> Task :domain:packageReleaseResources FROM-CACHE
> Task :domain:packageDebugResources FROM-CACHE
> Task :domain:extractDeepLinksRelease FROM-CACHE
> Task :domain:writeReleaseAarMetadata
> Task :domain:processReleaseManifest FROM-CACHE
> Task :domain:parseReleaseLocalResources FROM-CACHE
> Task :domain:parseDebugLocalResources FROM-CACHE
> Task :domain:mergeReleaseJniLibFolders FROM-CACHE
> Task :domain:javaPreCompileRelease FROM-CACHE
> Task :domain:mergeReleaseNativeLibs NO-SOURCE
> Task :domain:compileDebugLibraryResources FROM-CACHE
> Task :domain:extractDeepLinksForAarRelease UP-TO-DATE
> Task :domain:prepareLintJarForPublish UP-TO-DATE
> Task :domain:prepareReleaseArtProfile UP-TO-DATE
> Task :domain:stripReleaseDebugSymbols NO-SOURCE
> Task :domain:generateReleaseRFile FROM-CACHE
> Task :domain:mergeReleaseShaders FROM-CACHE
> Task :domain:extractProguardFiles
> Task :domain:compileReleaseShaders NO-SOURCE
> Task :domain:generateDebugRFile FROM-CACHE
> Task :domain:generateReleaseAssets UP-TO-DATE
> Task :domain:packageReleaseAssets FROM-CACHE
> Task :domain:writeReleaseLintModelMetadata
> Task :domain:stripDebugDebugSymbols NO-SOURCE
> Task :domain:copyReleaseJniLibsProjectOnly
> Task :domain:extractDeepLinksForAarDebug UP-TO-DATE
> Task :domain:copyDebugJniLibsProjectAndLocalJars
> Task :domain:prepareDebugArtProfile UP-TO-DATE
> Task :domain:copyReleaseJniLibsProjectAndLocalJars
> Task :domain:writeDebugLintModelMetadata
> Task :domain:javaPreCompileDebugUnitTest FROM-CACHE
> Task :domain:javaPreCompileReleaseUnitTest FROM-CACHE
> Task :domain:generateDebugAndroidTestResValues FROM-CACHE
> Task :domain:compileReleaseLibraryResources FROM-CACHE
> Task :data:clean
> Task :data:mergeDebugShaders FROM-CACHE
> Task :data:compileDebugShaders NO-SOURCE
> Task :data:generateDebugBuildConfig FROM-CACHE
> Task :data:generateDebugAssets UP-TO-DATE
> Task :data:mergeDebugJniLibFolders FROM-CACHE
> Task :data:mergeDebugNativeLibs NO-SOURCE
> Task :data:javaPreCompileDebug FROM-CACHE
> Task :data:writeDebugAarMetadata
> Task :data:packageDebugAssets FROM-CACHE
> Task :data:generateReleaseResValues FROM-CACHE
> Task :data:generateReleaseResources UP-TO-DATE
> Task :data:writeReleaseAarMetadata
> Task :data:copyDebugJniLibsProjectOnly
> Task :data:extractDeepLinksRelease FROM-CACHE
> Task :data:generateReleaseBuildConfig FROM-CACHE
> Task :data:javaPreCompileRelease FROM-CACHE
> Task :data:processDebugManifest FROM-CACHE
> Task :data:processReleaseManifest FROM-CACHE
> Task :data:mergeReleaseJniLibFolders FROM-CACHE
> Task :data:packageReleaseResources FROM-CACHE
> Task :data:mergeReleaseNativeLibs NO-SOURCE
> Task :data:prepareLintJarForPublish UP-TO-DATE
> Task :data:prepareReleaseArtProfile UP-TO-DATE
> Task :data:mergeReleaseShaders FROM-CACHE
> Task :data:compileReleaseShaders NO-SOURCE
> Task :data:generateReleaseAssets UP-TO-DATE
> Task :data:stripReleaseDebugSymbols NO-SOURCE
> Task :data:generateDebugResValues FROM-CACHE
> Task :data:extractDeepLinksForAarRelease UP-TO-DATE
> Task :data:packageReleaseAssets FROM-CACHE
> Task :data:generateDebugResources UP-TO-DATE
> Task :data:extractProguardFiles
> Task :core:clean
> Task :data:copyReleaseJniLibsProjectAndLocalJars
> Task :data:writeReleaseLintModelMetadata
> Task :data:copyReleaseJniLibsProjectOnly
> Task :data:parseReleaseLocalResources FROM-CACHE
> Task :data:extractDeepLinksDebug FROM-CACHE
> Task :core:writeDebugAarMetadata
> Task :data:packageDebugResources FROM-CACHE
> Task :core:mergeDebugShaders FROM-CACHE
> Task :core:javaPreCompileDebug FROM-CACHE
> Task :core:compileDebugShaders NO-SOURCE
> Task :core:generateDebugAssets UP-TO-DATE
> Task :core:generateReleaseResValues FROM-CACHE
> Task :core:generateReleaseResources UP-TO-DATE
> Task :data:compileDebugLibraryResources FROM-CACHE
> Task :core:processDebugManifest FROM-CACHE
> Task :core:mergeDebugJniLibFolders FROM-CACHE
> Task :core:packageDebugAssets FROM-CACHE
> Task :core:mergeDebugNativeLibs NO-SOURCE
> Task :core:writeReleaseAarMetadata
> Task :core:copyDebugJniLibsProjectOnly
> Task :core:processReleaseManifest FROM-CACHE
> Task :core:extractDeepLinksRelease FROM-CACHE
> Task :core:mergeReleaseJniLibFolders FROM-CACHE
> Task :data:generateReleaseRFile FROM-CACHE
> Task :core:packageReleaseResources FROM-CACHE
> Task :core:extractDeepLinksForAarRelease UP-TO-DATE
> Task :core:javaPreCompileRelease FROM-CACHE
> Task :core:prepareLintJarForPublish UP-TO-DATE
> Task :core:prepareReleaseArtProfile UP-TO-DATE
> Task :core:parseReleaseLocalResources FROM-CACHE
> Task :core:mergeReleaseNativeLibs NO-SOURCE
> Task :core:stripReleaseDebugSymbols NO-SOURCE
> Task :core:mergeReleaseShaders FROM-CACHE
> Task :core:compileReleaseShaders NO-SOURCE
> Task :core:generateReleaseAssets UP-TO-DATE
> Task :core:generateReleaseRFile FROM-CACHE
> Task :core:copyReleaseJniLibsProjectAndLocalJars
> Task :core:packageReleaseAssets FROM-CACHE
> Task :data:stripDebugDebugSymbols NO-SOURCE
> Task :core:extractProguardFiles
> Task :data:extractDeepLinksForAarDebug UP-TO-DATE
> Task :data:prepareDebugArtProfile UP-TO-DATE
> Task :core:stripDebugDebugSymbols NO-SOURCE
> Task :core:copyReleaseJniLibsProjectOnly
> Task :core:prepareDebugArtProfile UP-TO-DATE
> Task :core:generateDebugResValues FROM-CACHE
> Task :core:generateDebugResources UP-TO-DATE
> Task :core:writeReleaseLintModelMetadata
> Task :core:packageDebugResources FROM-CACHE
> Task :data:copyDebugJniLibsProjectAndLocalJars
> Task :data:parseDebugLocalResources FROM-CACHE
> Task :core:copyDebugJniLibsProjectAndLocalJars
> Task :core:extractDeepLinksForAarDebug UP-TO-DATE
> Task :core:extractDeepLinksDebug FROM-CACHE
> Task :core:generateDebugAndroidTestResValues FROM-CACHE
> Task :core:parseDebugLocalResources FROM-CACHE
> Task :core:writeDebugLintModelMetadata
> Task :core:compileDebugLibraryResources FROM-CACHE
> Task :data:generateDebugAndroidTestResValues FROM-CACHE
> Task :core:kspReleaseKotlin FROM-CACHE
> Task :data:writeDebugLintModelMetadata
> Task :core:mapReleaseSourceSetPaths
> Task :core:javaPreCompileDebugUnitTest FROM-CACHE
> Task :core:generateReleaseUnitTestStubRFile FROM-CACHE
> Task :core:javaPreCompileReleaseUnitTest FROM-CACHE
> Task :core:compileReleaseLibraryResources FROM-CACHE
> Task :data:mapReleaseSourceSetPaths
> Task :core:generateDebugRFile FROM-CACHE
> Task :data:generateDebugRFile FROM-CACHE
> Task :data:javaPreCompileDebugUnitTest FROM-CACHE
> Task :core:compileReleaseKotlin FROM-CACHE
> Task :data:generateDebugUnitTestStubRFile FROM-CACHE
> Task :data:generateReleaseUnitTestStubRFile FROM-CACHE
> Task :core:extractReleaseAnnotations FROM-CACHE
> Task :core:compileReleaseJavaWithJavac FROM-CACHE
> Task :data:javaPreCompileReleaseUnitTest FROM-CACHE
> Task :core:generateDebugUnitTestStubRFile FROM-CACHE
> Task :core:lintVitalAnalyzeRelease FROM-CACHE
> Task :core:processReleaseJavaRes
> Task :core:kspDebugKotlin FROM-CACHE
> Task :domain:mapReleaseSourceSetPaths
> Task :core:transformReleaseClassesWithAsm FROM-CACHE
> Task :core:mergeReleaseJavaResource
> Task :core:generateReleaseLintVitalModel
> Task :core:bundleLibCompileToJarRelease
> Task :core:mergeReleaseGeneratedProguardFiles UP-TO-DATE
> Task :core:bundleLibRuntimeToJarRelease
> Task :core:mergeReleaseConsumerProguardFiles
> Task :core:syncReleaseLibJars FROM-CACHE
> Task :core:createFullJarRelease
> Task :core:exportReleaseConsumerProguardFiles
> Task :core:bundleReleaseAar
> Task :core:kspReleaseUnitTestKotlin NO-SOURCE
> Task :core:compileReleaseUnitTestKotlin NO-SOURCE
> Task :core:compileReleaseUnitTestJavaWithJavac NO-SOURCE
> Task :core:bundleReleaseLocalLintAar
> Task :core:hiltAggregateDepsReleaseUnitTest FROM-CACHE
> Task :core:hiltJavaCompileReleaseUnitTest NO-SOURCE
> Task :core:processReleaseUnitTestJavaRes NO-SOURCE
> Task :core:transformReleaseUnitTestClassesWithAsm FROM-CACHE
> Task :core:testReleaseUnitTest NO-SOURCE
> Task :domain:generateDebugUnitTestStubRFile FROM-CACHE
> Task :domain:generateReleaseUnitTestStubRFile FROM-CACHE
> Task :core:generateReleaseLintModel
> Task :domain:compileReleaseKotlin FROM-CACHE
> Task :domain:compileReleaseJavaWithJavac NO-SOURCE
> Task :domain:processReleaseJavaRes
> Task :domain:extractReleaseAnnotations FROM-CACHE
> Task :domain:mergeReleaseGeneratedProguardFiles UP-TO-DATE
> Task :domain:mergeReleaseConsumerProguardFiles UP-TO-DATE
> Task :domain:bundleLibCompileToJarRelease
> Task :domain:mergeReleaseJavaResource
> Task :domain:bundleLibRuntimeToJarRelease
> Task :domain:syncReleaseLibJars FROM-CACHE
> Task :domain:createFullJarRelease
> Task :domain:bundleReleaseLocalLintAar
> Task :domain:generateReleaseLintVitalModel
> Task :domain:lintVitalAnalyzeRelease FROM-CACHE
> Task :domain:exportReleaseConsumerProguardFiles UP-TO-DATE
> Task :domain:generateReleaseLintModel
> Task :domain:compileReleaseUnitTestKotlin NO-SOURCE
> Task :domain:compileReleaseUnitTestJavaWithJavac NO-SOURCE
> Task :domain:processReleaseUnitTestJavaRes NO-SOURCE
> Task :domain:testReleaseUnitTest NO-SOURCE
> Task :domain:bundleReleaseAar
> Task :domain:mergeReleaseResources FROM-CACHE
> Task :core:compileDebugKotlin FROM-CACHE
> Task :core:compileDebugJavaWithJavac FROM-CACHE
> Task :core:mergeReleaseResources FROM-CACHE
> Task :core:extractDebugAnnotations FROM-CACHE
> Task :core:transformDebugClassesWithAsm FROM-CACHE
> Task :core:processDebugJavaRes
> Task :core:bundleLibCompileToJarDebug
> Task :core:bundleLibRuntimeToJarDebug
> Task :core:mergeDebugGeneratedProguardFiles UP-TO-DATE
> Task :core:mergeDebugConsumerProguardFiles
> Task :core:bundleLibRuntimeToDirDebug
> Task :core:mergeDebugJavaResource
> Task :core:syncDebugLibJars FROM-CACHE
> Task :core:bundleDebugLocalLintAar
> Task :core:createFullJarDebug
> Task :core:verifyReleaseResources FROM-CACHE
> Task :core:bundleDebugAar
> Task :core:assembleDebug
> Task :core:assembleRelease
> Task :core:assemble
> Task :core:lintAnalyzeDebug FROM-CACHE
> Task :core:kspDebugUnitTestKotlin NO-SOURCE
> Task :core:compileDebugUnitTestKotlin NO-SOURCE
> Task :core:compileDebugUnitTestJavaWithJavac NO-SOURCE
> Task :core:hiltAggregateDepsDebugUnitTest FROM-CACHE
> Task :core:generateDebugLintModel
> Task :core:hiltJavaCompileDebugUnitTest NO-SOURCE
> Task :core:processDebugUnitTestJavaRes NO-SOURCE
> Task :domain:compileDebugKotlin FROM-CACHE
> Task :domain:compileDebugJavaWithJavac NO-SOURCE
> Task :core:transformDebugUnitTestClassesWithAsm FROM-CACHE
> Task :domain:processDebugJavaRes
> Task :domain:bundleLibRuntimeToJarDebug
> Task :core:generateDebugLintReportModel
> Task :domain:bundleLibCompileToJarDebug
> Task :domain:extractDebugAnnotations FROM-CACHE
> Task :domain:bundleLibRuntimeToDirDebug
> Task :domain:mergeDebugGeneratedProguardFiles UP-TO-DATE
> Task :domain:mergeDebugConsumerProguardFiles UP-TO-DATE
> Task :domain:mergeDebugJavaResource
> Task :data:mergeReleaseResources FROM-CACHE
> Task :domain:syncDebugLibJars FROM-CACHE
> Task :domain:createFullJarDebug
> Task :domain:verifyReleaseResources FROM-CACHE
> Task :core:testDebugUnitTest NO-SOURCE
> Task :core:test UP-TO-DATE
> Task :domain:bundleDebugLocalLintAar
> Task :domain:bundleDebugAar
> Task :domain:assembleDebug
> Task :domain:assembleRelease
> Task :domain:assemble
> Task :domain:lintAnalyzeDebug FROM-CACHE
> Task :domain:compileDebugUnitTestKotlin NO-SOURCE
> Task :domain:compileDebugUnitTestJavaWithJavac NO-SOURCE
> Task :domain:processDebugUnitTestJavaRes NO-SOURCE
> Task :domain:testDebugUnitTest NO-SOURCE
> Task :domain:test UP-TO-DATE
> Task :data:kspReleaseKotlin FROM-CACHE
> Task :domain:generateDebugLintModel
> Task :core:lintReportDebug
> Task :core:lintDebug
> Task :core:lint
> Task :core:check
> Task :core:build
> Task :domain:generateDebugLintReportModel
> Task :domain:lintReportDebug
> Task :domain:lintDebug
> Task :domain:lint
> Task :domain:check
> Task :domain:build
> Task :data:verifyReleaseResources FROM-CACHE
> Task :app:clean
> Task :app:mergeDebugNativeDebugMetadata NO-SOURCE
> Task :app:generateDebugResValues FROM-CACHE
> Task :app:generateDebugResources UP-TO-DATE
> Task :app:generateDebugBuildConfig FROM-CACHE
> Task :app:mapDebugSourceSetPaths
> Task :app:dataBindingMergeDependencyArtifactsDebug
> Task :app:createDebugCompatibleScreenManifests
> Task :app:javaPreCompileDebug FROM-CACHE
> Task :app:extractDeepLinksDebug FROM-CACHE
> Task :app:mergeDebugShaders FROM-CACHE
> Task :app:compileDebugShaders NO-SOURCE
> Task :app:generateDebugAssets UP-TO-DATE
> Task :app:mergeDebugAssets FROM-CACHE
> Task :app:processDebugMainManifest FROM-CACHE
> Task :app:desugarDebugFileDependencies FROM-CACHE
> Task :app:compressDebugAssets FROM-CACHE
> Task :app:mergeDebugJniLibFolders FROM-CACHE
> Task :app:checkDebugAarMetadata
> Task :app:processDebugManifest FROM-CACHE
> Task :app:validateSigningDebug
> Task :app:processDebugManifestForPackage FROM-CACHE
> Task :app:packageDebugResources FROM-CACHE
> Task :app:writeDebugAppMetadata
> Task :app:writeDebugSigningConfigVersions
> Task :app:parseDebugLocalResources FROM-CACHE
> Task :app:buildKotlinToolingMetadata
> Task :app:dataBindingMergeDependencyArtifactsRelease
> Task :app:generateReleaseResValues FROM-CACHE
> Task :app:generateReleaseResources UP-TO-DATE
> Task :app:generateReleaseBuildConfig FROM-CACHE
> Task :data:kspDebugKotlin FROM-CACHE
> Task :app:checkReleaseAarMetadata
> Task :app:mapReleaseSourceSetPaths
> Task :app:checkDebugDuplicateClasses
> Task :app:createReleaseCompatibleScreenManifests
> Task :app:extractDeepLinksRelease FROM-CACHE
> Task :app:processReleaseMainManifest FROM-CACHE
> Task :app:packageReleaseResources FROM-CACHE
> Task :app:parseReleaseLocalResources FROM-CACHE
> Task :app:processReleaseManifest FROM-CACHE
> Task :app:processReleaseManifestForPackage FROM-CACHE
> Task :app:javaPreCompileRelease FROM-CACHE
> Task :app:mergeReleaseJniLibFolders FROM-CACHE
> Task :app:extractProguardFiles
> Task :app:mergeDebugNativeLibs
> Task :app:checkReleaseDuplicateClasses
> Task :app:mergeReleaseArtProfile
> Task :app:mergeReleaseShaders FROM-CACHE
> Task :app:compileReleaseShaders NO-SOURCE
> Task :app:generateReleaseAssets UP-TO-DATE
> Task :app:mergeReleaseAssets FROM-CACHE
> Task :app:compressReleaseAssets FROM-CACHE
> Task :app:processApplicationManifestReleaseForBundle

> Task :app:stripDebugDebugSymbols
Unable to strip the following libraries, packaging them as they are: libimage_processing_util_jni.so, libsqlcipher.so.

> Task :app:writeReleaseAppMetadata
> Task :app:mergeReleaseNativeLibs
> Task :app:writeReleaseSigningConfigVersions
> Task :app:preDebugAndroidTestBuild SKIPPED
> Task :app:generateDebugAndroidTestResValues FROM-CACHE
> Task :app:javaPreCompileDebugUnitTest FROM-CACHE
> Task :app:javaPreCompileReleaseUnitTest FROM-CACHE

> Task :app:stripReleaseDebugSymbols
Unable to strip the following libraries, packaging them as they are: libimage_processing_util_jni.so, libsqlcipher.so.

> Task :app:extractReleaseNativeSymbolTables FROM-CACHE
> Task :app:mergeReleaseNativeDebugMetadata NO-SOURCE
> Task :app:mergeDebugResources FROM-CACHE
> Task :app:dataBindingGenBaseClassesDebug FROM-CACHE
> Task :app:processDebugResources FROM-CACHE
> Task :app:mergeExtDexDebug FROM-CACHE
> Task :app:collectReleaseDependencies
> Task :app:sdkReleaseDependencyData
> Task :app:mergeReleaseResources FROM-CACHE
> Task :app:processReleaseResources FROM-CACHE
> Task :app:bundleReleaseResources FROM-CACHE
> Task :app:dataBindingGenBaseClassesRelease FROM-CACHE

> Task :data:compileReleaseKotlin FAILED
e: file:///Users/parker/code/ynab-receipt-scanner/data/src/main/java/com/ynab/receiptscanner/data/mapper/EntityMapper.kt:168:45 Operator call corresponds to a dot-qualified call 'receiptAmount.times(1000)' which is not allowed on a nullable receiver 'receiptAmount'.
e: file:///Users/parker/code/ynab-receipt-scanner/data/src/main/java/com/ynab/receiptscanner/data/mapper/EntityMapper.kt:175:16 Type mismatch: inferred type is Date? but Date was expected
e: file:///Users/parker/code/ynab-receipt-scanner/data/src/main/java/com/ynab/receiptscanner/data/ocr/MLKitOcrEngine.kt:6:37 Unresolved reference: TextRecognizerOptions
e: file:///Users/parker/code/ynab-receipt-scanner/data/src/main/java/com/ynab/receiptscanner/data/ocr/MLKitOcrEngine.kt:10:27 Unresolved reference: tasks
e: file:///Users/parker/code/ynab-receipt-scanner/data/src/main/java/com/ynab/receiptscanner/data/ocr/MLKitOcrEngine.kt:24:56 Unresolved reference: TextRecognizerOptions
e: file:///Users/parker/code/ynab-receipt-scanner/data/src/main/java/com/ynab/receiptscanner/data/ocr/MLKitOcrEngine.kt:24:56 Too many arguments for public open fun getClient(): TextRecognizer defined in com.google.mlkit.vision.text.TextRecognition
e: file:///Users/parker/code/ynab-receipt-scanner/data/src/main/java/com/ynab/receiptscanner/data/ocr/MLKitOcrEngine.kt:41:61 Unresolved reference: await
e: file:///Users/parker/code/ynab-receipt-scanner/data/src/main/java/com/ynab/receiptscanner/data/ocr/MLKitOcrEngine.kt:51:58 Cannot infer a type for this parameter. Please specify it explicitly.
e: file:///Users/parker/code/ynab-receipt-scanner/data/src/main/java/com/ynab/receiptscanner/data/ocr/MLKitOcrEngine.kt:56:36 Unresolved reference: it
e: file:///Users/parker/code/ynab-receipt-scanner/data/src/main/java/com/ynab/receiptscanner/data/ocr/MLKitOcrEngine.kt:57:35 Unresolved reference: it
e: file:///Users/parker/code/ynab-receipt-scanner/data/src/main/java/com/ynab/receiptscanner/data/ocr/MLKitOcrEngine.kt:58:37 Unresolved reference: it
e: file:///Users/parker/code/ynab-receipt-scanner/data/src/main/java/com/ynab/receiptscanner/data/ocr/MLKitOcrEngine.kt:59:38 Unresolved reference: it
e: file:///Users/parker/code/ynab-receipt-scanner/data/src/main/java/com/ynab/receiptscanner/data/ocr/MLKitOcrEngine.kt:66:61 Cannot infer a type for this parameter. Please specify it explicitly.
e: file:///Users/parker/code/ynab-receipt-scanner/data/src/main/java/com/ynab/receiptscanner/data/ocr/MLKitOcrEngine.kt:67:35 Cannot infer a type for this parameter. Please specify it explicitly.
e: file:///Users/parker/code/ynab-receipt-scanner/data/src/main/java/com/ynab/receiptscanner/data/ocr/MLKitOcrEngine.kt:72:40 Unresolved reference: it
e: file:///Users/parker/code/ynab-receipt-scanner/data/src/main/java/com/ynab/receiptscanner/data/ocr/MLKitOcrEngine.kt:73:39 Unresolved reference: it
e: file:///Users/parker/code/ynab-receipt-scanner/data/src/main/java/com/ynab/receiptscanner/data/ocr/MLKitOcrEngine.kt:74:41 Unresolved reference: it
e: file:///Users/parker/code/ynab-receipt-scanner/data/src/main/java/com/ynab/receiptscanner/data/ocr/MLKitOcrEngine.kt:75:42 Unresolved reference: it
e: file:///Users/parker/code/ynab-receipt-scanner/data/src/main/java/com/ynab/receiptscanner/data/ocr/MLKitOcrEngine.kt:83:64 Cannot infer a type for this parameter. Please specify it explicitly.
e: file:///Users/parker/code/ynab-receipt-scanner/data/src/main/java/com/ynab/receiptscanner/data/ocr/MLKitOcrEngine.kt:84:39 Cannot infer a type for this parameter. Please specify it explicitly.
e: file:///Users/parker/code/ynab-receipt-scanner/data/src/main/java/com/ynab/receiptscanner/data/ocr/MLKitOcrEngine.kt:85:41 Cannot infer a type for this parameter. Please specify it explicitly.
e: file:///Users/parker/code/ynab-receipt-scanner/data/src/main/java/com/ynab/receiptscanner/data/ocr/MLKitOcrEngine.kt:90:44 Unresolved reference: it
e: file:///Users/parker/code/ynab-receipt-scanner/data/src/main/java/com/ynab/receiptscanner/data/ocr/MLKitOcrEngine.kt:91:43 Unresolved reference: it
e: file:///Users/parker/code/ynab-receipt-scanner/data/src/main/java/com/ynab/receiptscanner/data/ocr/MLKitOcrEngine.kt:92:45 Unresolved reference: it
e: file:///Users/parker/code/ynab-receipt-scanner/data/src/main/java/com/ynab/receiptscanner/data/ocr/MLKitOcrEngine.kt:93:46 Unresolved reference: it
e: file:///Users/parker/code/ynab-receipt-scanner/data/src/main/java/com/ynab/receiptscanner/data/ocr/MLKitOcrEngine.kt:104:34 Unresolved reference: it
e: file:///Users/parker/code/ynab-receipt-scanner/data/src/main/java/com/ynab/receiptscanner/data/parser/ReceiptParser.kt:166:39 Smart cast to 'Double' is impossible, because 'receipt.amount' is a public API property declared in different module
e: file:///Users/parker/code/ynab-receipt-scanner/data/src/main/java/com/ynab/receiptscanner/data/parser/ReceiptParser.kt:172:43 Smart cast to 'Double' is impossible, because 'receipt.tax' is a public API property declared in different module
e: file:///Users/parker/code/ynab-receipt-scanner/data/src/main/java/com/ynab/receiptscanner/data/parser/ReceiptParser.kt:172:56 Smart cast to 'Double' is impossible, because 'receipt.amount' is a public API property declared in different module
e: file:///Users/parker/code/ynab-receipt-scanner/data/src/main/java/com/ynab/receiptscanner/data/repository/YnabRepositoryImpl.kt:52:50 Unresolved reference: entityMapper
e: file:///Users/parker/code/ynab-receipt-scanner/data/src/main/java/com/ynab/receiptscanner/data/security/SecurityChecks.kt:8:32 Unresolved reference: BuildConfig
e: file:///Users/parker/code/ynab-receipt-scanner/data/src/main/java/com/ynab/receiptscanner/data/security/SecurityChecks.kt:49:30 Unresolved reference: BuildConfig
e: file:///Users/parker/code/ynab-receipt-scanner/data/src/main/java/com/ynab/receiptscanner/data/sync/SyncStatusTracker.kt:37:27 Unresolved reference: getReceiptsBySyncStatus
e: file:///Users/parker/code/ynab-receipt-scanner/data/src/main/java/com/ynab/receiptscanner/data/sync/SyncStatusTracker.kt:38:20 Cannot infer a type for this parameter. Please specify it explicitly.
e: file:///Users/parker/code/ynab-receipt-scanner/data/src/main/java/com/ynab/receiptscanner/data/sync/SyncStatusTracker.kt:38:47 Unresolved reference: it
e: file:///Users/parker/code/ynab-receipt-scanner/data/src/main/java/com/ynab/receiptscanner/data/sync/SyncStatusTracker.kt:62:48 No value passed for parameter 'updatedAt'
e: file:///Users/parker/code/ynab-receipt-scanner/data/src/main/java/com/ynab/receiptscanner/data/sync/TransactionSyncManager.kt:78:50 Type mismatch: inferred type is Throwable but kotlin.Exception /* = java.lang.Exception */ was expected

> Task :data:compileDebugKotlin FAILED
e: file:///Users/parker/code/ynab-receipt-scanner/data/src/main/java/com/ynab/receiptscanner/data/mapper/EntityMapper.kt:168:45 Operator call corresponds to a dot-qualified call 'receiptAmount.times(1000)' which is not allowed on a nullable receiver 'receiptAmount'.
e: file:///Users/parker/code/ynab-receipt-scanner/data/src/main/java/com/ynab/receiptscanner/data/mapper/EntityMapper.kt:175:16 Type mismatch: inferred type is Date? but Date was expected
e: file:///Users/parker/code/ynab-receipt-scanner/data/src/main/java/com/ynab/receiptscanner/data/ocr/MLKitOcrEngine.kt:6:37 Unresolved reference: TextRecognizerOptions
e: file:///Users/parker/code/ynab-receipt-scanner/data/src/main/java/com/ynab/receiptscanner/data/ocr/MLKitOcrEngine.kt:10:27 Unresolved reference: tasks
e: file:///Users/parker/code/ynab-receipt-scanner/data/src/main/java/com/ynab/receiptscanner/data/ocr/MLKitOcrEngine.kt:24:56 Unresolved reference: TextRecognizerOptions
e: file:///Users/parker/code/ynab-receipt-scanner/data/src/main/java/com/ynab/receiptscanner/data/ocr/MLKitOcrEngine.kt:24:56 Too many arguments for public open fun getClient(): TextRecognizer defined in com.google.mlkit.vision.text.TextRecognition
e: file:///Users/parker/code/ynab-receipt-scanner/data/src/main/java/com/ynab/receiptscanner/data/ocr/MLKitOcrEngine.kt:41:61 Unresolved reference: await
e: file:///Users/parker/code/ynab-receipt-scanner/data/src/main/java/com/ynab/receiptscanner/data/ocr/MLKitOcrEngine.kt:51:58 Cannot infer a type for this parameter. Please specify it explicitly.
e: file:///Users/parker/code/ynab-receipt-scanner/data/src/main/java/com/ynab/receiptscanner/data/ocr/MLKitOcrEngine.kt:56:36 Unresolved reference: it
e: file:///Users/parker/code/ynab-receipt-scanner/data/src/main/java/com/ynab/receiptscanner/data/ocr/MLKitOcrEngine.kt:57:35 Unresolved reference: it
e: file:///Users/parker/code/ynab-receipt-scanner/data/src/main/java/com/ynab/receiptscanner/data/ocr/MLKitOcrEngine.kt:58:37 Unresolved reference: it
e: file:///Users/parker/code/ynab-receipt-scanner/data/src/main/java/com/ynab/receiptscanner/data/ocr/MLKitOcrEngine.kt:59:38 Unresolved reference: it
e: file:///Users/parker/code/ynab-receipt-scanner/data/src/main/java/com/ynab/receiptscanner/data/ocr/MLKitOcrEngine.kt:66:61 Cannot infer a type for this parameter. Please specify it explicitly.
e: file:///Users/parker/code/ynab-receipt-scanner/data/src/main/java/com/ynab/receiptscanner/data/ocr/MLKitOcrEngine.kt:67:35 Cannot infer a type for this parameter. Please specify it explicitly.
e: file:///Users/parker/code/ynab-receipt-scanner/data/src/main/java/com/ynab/receiptscanner/data/ocr/MLKitOcrEngine.kt:72:40 Unresolved reference: it
e: file:///Users/parker/code/ynab-receipt-scanner/data/src/main/java/com/ynab/receiptscanner/data/ocr/MLKitOcrEngine.kt:73:39 Unresolved reference: it
e: file:///Users/parker/code/ynab-receipt-scanner/data/src/main/java/com/ynab/receiptscanner/data/ocr/MLKitOcrEngine.kt:74:41 Unresolved reference: it
e: file:///Users/parker/code/ynab-receipt-scanner/data/src/main/java/com/ynab/receiptscanner/data/ocr/MLKitOcrEngine.kt:75:42 Unresolved reference: it
e: file:///Users/parker/code/ynab-receipt-scanner/data/src/main/java/com/ynab/receiptscanner/data/ocr/MLKitOcrEngine.kt:83:64 Cannot infer a type for this parameter. Please specify it explicitly.
e: file:///Users/parker/code/ynab-receipt-scanner/data/src/main/java/com/ynab/receiptscanner/data/ocr/MLKitOcrEngine.kt:84:39 Cannot infer a type for this parameter. Please specify it explicitly.
e: file:///Users/parker/code/ynab-receipt-scanner/data/src/main/java/com/ynab/receiptscanner/data/ocr/MLKitOcrEngine.kt:85:41 Cannot infer a type for this parameter. Please specify it explicitly.
e: file:///Users/parker/code/ynab-receipt-scanner/data/src/main/java/com/ynab/receiptscanner/data/ocr/MLKitOcrEngine.kt:90:44 Unresolved reference: it
e: file:///Users/parker/code/ynab-receipt-scanner/data/src/main/java/com/ynab/receiptscanner/data/ocr/MLKitOcrEngine.kt:91:43 Unresolved reference: it
e: file:///Users/parker/code/ynab-receipt-scanner/data/src/main/java/com/ynab/receiptscanner/data/ocr/MLKitOcrEngine.kt:92:45 Unresolved reference: it
e: file:///Users/parker/code/ynab-receipt-scanner/data/src/main/java/com/ynab/receiptscanner/data/ocr/MLKitOcrEngine.kt:93:46 Unresolved reference: it
e: file:///Users/parker/code/ynab-receipt-scanner/data/src/main/java/com/ynab/receiptscanner/data/ocr/MLKitOcrEngine.kt:104:34 Unresolved reference: it
e: file:///Users/parker/code/ynab-receipt-scanner/data/src/main/java/com/ynab/receiptscanner/data/parser/ReceiptParser.kt:166:39 Smart cast to 'Double' is impossible, because 'receipt.amount' is a public API property declared in different module
e: file:///Users/parker/code/ynab-receipt-scanner/data/src/main/java/com/ynab/receiptscanner/data/parser/ReceiptParser.kt:172:43 Smart cast to 'Double' is impossible, because 'receipt.tax' is a public API property declared in different module
e: file:///Users/parker/code/ynab-receipt-scanner/data/src/main/java/com/ynab/receiptscanner/data/parser/ReceiptParser.kt:172:56 Smart cast to 'Double' is impossible, because 'receipt.amount' is a public API property declared in different module
e: file:///Users/parker/code/ynab-receipt-scanner/data/src/main/java/com/ynab/receiptscanner/data/repository/YnabRepositoryImpl.kt:52:50 Unresolved reference: entityMapper
e: file:///Users/parker/code/ynab-receipt-scanner/data/src/main/java/com/ynab/receiptscanner/data/security/SecurityChecks.kt:8:32 Unresolved reference: BuildConfig
e: file:///Users/parker/code/ynab-receipt-scanner/data/src/main/java/com/ynab/receiptscanner/data/security/SecurityChecks.kt:49:30 Unresolved reference: BuildConfig
e: file:///Users/parker/code/ynab-receipt-scanner/data/src/main/java/com/ynab/receiptscanner/data/sync/SyncStatusTracker.kt:37:27 Unresolved reference: getReceiptsBySyncStatus
e: file:///Users/parker/code/ynab-receipt-scanner/data/src/main/java/com/ynab/receiptscanner/data/sync/SyncStatusTracker.kt:38:20 Cannot infer a type for this parameter. Please specify it explicitly.
e: file:///Users/parker/code/ynab-receipt-scanner/data/src/main/java/com/ynab/receiptscanner/data/sync/SyncStatusTracker.kt:38:47 Unresolved reference: it
e: file:///Users/parker/code/ynab-receipt-scanner/data/src/main/java/com/ynab/receiptscanner/data/sync/SyncStatusTracker.kt:62:48 No value passed for parameter 'updatedAt'
e: file:///Users/parker/code/ynab-receipt-scanner/data/src/main/java/com/ynab/receiptscanner/data/sync/TransactionSyncManager.kt:78:50 Type mismatch: inferred type is Throwable but kotlin.Exception /* = java.lang.Exception */ was expected

FAILURE: Build completed with 2 failures.

1: Task failed with an exception.
-----------
* What went wrong:
Execution failed for task ':data:compileReleaseKotlin'.
> A failure occurred while executing org.jetbrains.kotlin.compilerRunner.GradleCompilerRunnerWithWorkers$GradleKotlinCompilerWorkAction
   > Compilation error. See log for more details

* Try:
> Run with --info or --debug option to get more log output.
> Run with --scan to get full insights.
> Get more help at https://help.gradle.org.

* Exception is:
org.gradle.api.tasks.TaskExecutionException: Execution failed for task ':data:compileReleaseKotlin'.
	at org.gradle.api.internal.tasks.execution.ExecuteActionsTaskExecuter.lambda$executeIfValid$1(ExecuteActionsTaskExecuter.java:149)
	at org.gradle.internal.Try$Failure.ifSuccessfulOrElse(Try.java:282)
	at org.gradle.api.internal.tasks.execution.ExecuteActionsTaskExecuter.executeIfValid(ExecuteActionsTaskExecuter.java:147)
	at org.gradle.api.internal.tasks.execution.ExecuteActionsTaskExecuter.execute(ExecuteActionsTaskExecuter.java:135)
	at org.gradle.api.internal.tasks.execution.FinalizePropertiesTaskExecuter.execute(FinalizePropertiesTaskExecuter.java:46)
	at org.gradle.api.internal.tasks.execution.ResolveTaskExecutionModeExecuter.execute(ResolveTaskExecutionModeExecuter.java:51)
	at org.gradle.api.internal.tasks.execution.SkipTaskWithNoActionsExecuter.execute(SkipTaskWithNoActionsExecuter.java:57)
	at org.gradle.api.internal.tasks.execution.SkipOnlyIfTaskExecuter.execute(SkipOnlyIfTaskExecuter.java:74)
	at org.gradle.api.internal.tasks.execution.CatchExceptionTaskExecuter.execute(CatchExceptionTaskExecuter.java:36)
	at org.gradle.api.internal.tasks.execution.EventFiringTaskExecuter$1.executeTask(EventFiringTaskExecuter.java:77)
	at org.gradle.api.internal.tasks.execution.EventFiringTaskExecuter$1.call(EventFiringTaskExecuter.java:55)
	at org.gradle.api.internal.tasks.execution.EventFiringTaskExecuter$1.call(EventFiringTaskExecuter.java:52)
	at org.gradle.internal.operations.DefaultBuildOperationRunner$CallableBuildOperationWorker.execute(DefaultBuildOperationRunner.java:204)
	at org.gradle.internal.operations.DefaultBuildOperationRunner$CallableBuildOperationWorker.execute(DefaultBuildOperationRunner.java:199)
	at org.gradle.internal.operations.DefaultBuildOperationRunner$2.execute(DefaultBuildOperationRunner.java:66)
	at org.gradle.internal.operations.DefaultBuildOperationRunner$2.execute(DefaultBuildOperationRunner.java:59)
	at org.gradle.internal.operations.DefaultBuildOperationRunner.execute(DefaultBuildOperationRunner.java:157)
	at org.gradle.internal.operations.DefaultBuildOperationRunner.execute(DefaultBuildOperationRunner.java:59)
	at org.gradle.internal.operations.DefaultBuildOperationRunner.call(DefaultBuildOperationRunner.java:53)
	at org.gradle.internal.operations.DefaultBuildOperationExecutor.call(DefaultBuildOperationExecutor.java:73)
	at org.gradle.api.internal.tasks.execution.EventFiringTaskExecuter.execute(EventFiringTaskExecuter.java:52)
	at org.gradle.execution.plan.LocalTaskNodeExecutor.execute(LocalTaskNodeExecutor.java:42)
	at org.gradle.execution.taskgraph.DefaultTaskExecutionGraph$InvokeNodeExecutorsAction.execute(DefaultTaskExecutionGraph.java:337)
	at org.gradle.execution.taskgraph.DefaultTaskExecutionGraph$InvokeNodeExecutorsAction.execute(DefaultTaskExecutionGraph.java:324)
	at org.gradle.execution.taskgraph.DefaultTaskExecutionGraph$BuildOperationAwareExecutionAction.execute(DefaultTaskExecutionGraph.java:317)
	at org.gradle.execution.taskgraph.DefaultTaskExecutionGraph$BuildOperationAwareExecutionAction.execute(DefaultTaskExecutionGraph.java:303)
	at org.gradle.execution.plan.DefaultPlanExecutor$ExecutorWorker.execute(DefaultPlanExecutor.java:463)
	at org.gradle.execution.plan.DefaultPlanExecutor$ExecutorWorker.run(DefaultPlanExecutor.java:380)
	at org.gradle.execution.plan.DefaultPlanExecutor.process(DefaultPlanExecutor.java:116)
	at org.gradle.execution.taskgraph.DefaultTaskExecutionGraph.executeWithServices(DefaultTaskExecutionGraph.java:138)
	at org.gradle.execution.taskgraph.DefaultTaskExecutionGraph.execute(DefaultTaskExecutionGraph.java:123)
	at org.gradle.execution.SelectedTaskExecutionAction.execute(SelectedTaskExecutionAction.java:35)
	at org.gradle.execution.DryRunBuildExecutionAction.execute(DryRunBuildExecutionAction.java:51)
	at org.gradle.execution.BuildOperationFiringBuildWorkerExecutor$ExecuteTasks.call(BuildOperationFiringBuildWorkerExecutor.java:54)
	at org.gradle.execution.BuildOperationFiringBuildWorkerExecutor$ExecuteTasks.call(BuildOperationFiringBuildWorkerExecutor.java:43)
	at org.gradle.internal.operations.DefaultBuildOperationRunner$CallableBuildOperationWorker.execute(DefaultBuildOperationRunner.java:204)
	at org.gradle.internal.operations.DefaultBuildOperationRunner$CallableBuildOperationWorker.execute(DefaultBuildOperationRunner.java:199)
	at org.gradle.internal.operations.DefaultBuildOperationRunner$2.execute(DefaultBuildOperationRunner.java:66)
	at org.gradle.internal.operations.DefaultBuildOperationRunner$2.execute(DefaultBuildOperationRunner.java:59)
	at org.gradle.internal.operations.DefaultBuildOperationRunner.execute(DefaultBuildOperationRunner.java:157)
	at org.gradle.internal.operations.DefaultBuildOperationRunner.execute(DefaultBuildOperationRunner.java:59)
	at org.gradle.internal.operations.DefaultBuildOperationRunner.call(DefaultBuildOperationRunner.java:53)
	at org.gradle.internal.operations.DefaultBuildOperationExecutor.call(DefaultBuildOperationExecutor.java:73)
	at org.gradle.execution.BuildOperationFiringBuildWorkerExecutor.execute(BuildOperationFiringBuildWorkerExecutor.java:40)
	at org.gradle.internal.build.DefaultBuildLifecycleController.lambda$executeTasks$10(DefaultBuildLifecycleController.java:264)
	at org.gradle.internal.model.StateTransitionController.doTransition(StateTransitionController.java:266)
	at org.gradle.internal.model.StateTransitionController.lambda$tryTransition$8(StateTransitionController.java:177)
	at org.gradle.internal.work.DefaultSynchronizer.withLock(DefaultSynchronizer.java:44)
	at org.gradle.internal.model.StateTransitionController.tryTransition(StateTransitionController.java:177)
	at org.gradle.internal.build.DefaultBuildLifecycleController.executeTasks(DefaultBuildLifecycleController.java:255)
	at org.gradle.internal.build.DefaultBuildWorkGraphController$DefaultBuildWorkGraph.runWork(DefaultBuildWorkGraphController.java:220)
	at org.gradle.internal.work.DefaultWorkerLeaseService.withLocks(DefaultWorkerLeaseService.java:249)
	at org.gradle.internal.work.DefaultWorkerLeaseService.runAsWorkerThread(DefaultWorkerLeaseService.java:109)
	at org.gradle.composite.internal.DefaultBuildController.doRun(DefaultBuildController.java:181)
	at org.gradle.composite.internal.DefaultBuildController.access$000(DefaultBuildController.java:50)
	at org.gradle.composite.internal.DefaultBuildController$BuildOpRunnable.run(DefaultBuildController.java:200)
	at org.gradle.internal.concurrent.ExecutorPolicy$CatchAndRecordFailures.onExecute(ExecutorPolicy.java:64)
	at org.gradle.internal.concurrent.AbstractManagedExecutor$1.run(AbstractManagedExecutor.java:47)
Caused by: org.gradle.workers.internal.DefaultWorkerExecutor$WorkExecutionException: A failure occurred while executing org.jetbrains.kotlin.compilerRunner.GradleCompilerRunnerWithWorkers$GradleKotlinCompilerWorkAction
	at org.gradle.workers.internal.DefaultWorkerExecutor$WorkItemExecution.waitForCompletion(DefaultWorkerExecutor.java:283)
	at org.gradle.internal.work.DefaultAsyncWorkTracker.lambda$waitForItemsAndGatherFailures$2(DefaultAsyncWorkTracker.java:130)
	at org.gradle.internal.Factories$1.create(Factories.java:31)
	at org.gradle.internal.work.DefaultWorkerLeaseService.withoutLocks(DefaultWorkerLeaseService.java:321)
	at org.gradle.internal.work.DefaultWorkerLeaseService.withoutLocks(DefaultWorkerLeaseService.java:304)
	at org.gradle.internal.work.DefaultWorkerLeaseService.withoutLock(DefaultWorkerLeaseService.java:309)
	at org.gradle.internal.work.DefaultAsyncWorkTracker.waitForItemsAndGatherFailures(DefaultAsyncWorkTracker.java:126)
	at org.gradle.internal.work.DefaultAsyncWorkTracker.waitForItemsAndGatherFailures(DefaultAsyncWorkTracker.java:92)
	at org.gradle.internal.work.DefaultAsyncWorkTracker.waitForAll(DefaultAsyncWorkTracker.java:78)
	at org.gradle.internal.work.DefaultAsyncWorkTracker.waitForCompletion(DefaultAsyncWorkTracker.java:66)
	at org.gradle.api.internal.tasks.execution.TaskExecution$3.run(TaskExecution.java:256)
	at org.gradle.internal.operations.DefaultBuildOperationRunner$1.execute(DefaultBuildOperationRunner.java:29)
	at org.gradle.internal.operations.DefaultBuildOperationRunner$1.execute(DefaultBuildOperationRunner.java:26)
	at org.gradle.internal.operations.DefaultBuildOperationRunner$2.execute(DefaultBuildOperationRunner.java:66)
	at org.gradle.internal.operations.DefaultBuildOperationRunner$2.execute(DefaultBuildOperationRunner.java:59)
	at org.gradle.internal.operations.DefaultBuildOperationRunner.execute(DefaultBuildOperationRunner.java:157)
	at org.gradle.internal.operations.DefaultBuildOperationRunner.execute(DefaultBuildOperationRunner.java:59)
	at org.gradle.internal.operations.DefaultBuildOperationRunner.run(DefaultBuildOperationRunner.java:47)
	at org.gradle.internal.operations.DefaultBuildOperationExecutor.run(DefaultBuildOperationExecutor.java:68)
	at org.gradle.api.internal.tasks.execution.TaskExecution.executeAction(TaskExecution.java:233)
	at org.gradle.api.internal.tasks.execution.TaskExecution.executeActions(TaskExecution.java:216)
	at org.gradle.api.internal.tasks.execution.TaskExecution.executeWithPreviousOutputFiles(TaskExecution.java:199)
	at org.gradle.api.internal.tasks.execution.TaskExecution.execute(TaskExecution.java:166)
	at org.gradle.internal.execution.steps.ExecuteStep.executeInternal(ExecuteStep.java:105)
	at org.gradle.internal.execution.steps.ExecuteStep.access$000(ExecuteStep.java:44)
	at org.gradle.internal.execution.steps.ExecuteStep$1.call(ExecuteStep.java:59)
	at org.gradle.internal.execution.steps.ExecuteStep$1.call(ExecuteStep.java:56)
	at org.gradle.internal.operations.DefaultBuildOperationRunner$CallableBuildOperationWorker.execute(DefaultBuildOperationRunner.java:204)
	at org.gradle.internal.operations.DefaultBuildOperationRunner$CallableBuildOperationWorker.execute(DefaultBuildOperationRunner.java:199)
	at org.gradle.internal.operations.DefaultBuildOperationRunner$2.execute(DefaultBuildOperationRunner.java:66)
	at org.gradle.internal.operations.DefaultBuildOperationRunner$2.execute(DefaultBuildOperationRunner.java:59)
	at org.gradle.internal.operations.DefaultBuildOperationRunner.execute(DefaultBuildOperationRunner.java:157)
	at org.gradle.internal.operations.DefaultBuildOperationRunner.execute(DefaultBuildOperationRunner.java:59)
	at org.gradle.internal.operations.DefaultBuildOperationRunner.call(DefaultBuildOperationRunner.java:53)
	at org.gradle.internal.operations.DefaultBuildOperationExecutor.call(DefaultBuildOperationExecutor.java:73)
	at org.gradle.internal.execution.steps.ExecuteStep.execute(ExecuteStep.java:56)
	at org.gradle.internal.execution.steps.ExecuteStep.execute(ExecuteStep.java:44)
	at org.gradle.internal.execution.steps.RemovePreviousOutputsStep.execute(RemovePreviousOutputsStep.java:67)
	at org.gradle.internal.execution.steps.RemovePreviousOutputsStep.execute(RemovePreviousOutputsStep.java:37)
	at org.gradle.internal.execution.steps.CancelExecutionStep.execute(CancelExecutionStep.java:41)
	at org.gradle.internal.execution.steps.TimeoutStep.executeWithoutTimeout(TimeoutStep.java:74)
	at org.gradle.internal.execution.steps.TimeoutStep.execute(TimeoutStep.java:55)
	at org.gradle.internal.execution.steps.CreateOutputsStep.execute(CreateOutputsStep.java:50)
	at org.gradle.internal.execution.steps.CreateOutputsStep.execute(CreateOutputsStep.java:28)
	at org.gradle.internal.execution.steps.CaptureStateAfterExecutionStep.executeDelegateBroadcastingChanges(CaptureStateAfterExecutionStep.java:100)
	at org.gradle.internal.execution.steps.CaptureStateAfterExecutionStep.execute(CaptureStateAfterExecutionStep.java:72)
	at org.gradle.internal.execution.steps.CaptureStateAfterExecutionStep.execute(CaptureStateAfterExecutionStep.java:50)
	at org.gradle.internal.execution.steps.ResolveInputChangesStep.execute(ResolveInputChangesStep.java:40)
	at org.gradle.internal.execution.steps.ResolveInputChangesStep.execute(ResolveInputChangesStep.java:29)
	at org.gradle.internal.execution.steps.BuildCacheStep.executeWithoutCache(BuildCacheStep.java:179)
	at org.gradle.internal.execution.steps.BuildCacheStep.executeAndStoreInCache(BuildCacheStep.java:139)
	at org.gradle.internal.execution.steps.BuildCacheStep.lambda$executeWithCache$4(BuildCacheStep.java:106)
	at org.gradle.internal.execution.steps.BuildCacheStep.lambda$executeWithCache$5(BuildCacheStep.java:106)
	at org.gradle.internal.Try$Success.map(Try.java:164)
	at org.gradle.internal.execution.steps.BuildCacheStep.executeWithCache(BuildCacheStep.java:80)
	at org.gradle.internal.execution.steps.BuildCacheStep.lambda$execute$0(BuildCacheStep.java:69)
	at org.gradle.internal.Either$Left.fold(Either.java:115)
	at org.gradle.internal.execution.caching.CachingState.fold(CachingState.java:59)
	at org.gradle.internal.execution.steps.BuildCacheStep.execute(BuildCacheStep.java:68)
	at org.gradle.internal.execution.steps.BuildCacheStep.execute(BuildCacheStep.java:46)
	at org.gradle.internal.execution.steps.StoreExecutionStateStep.execute(StoreExecutionStateStep.java:36)
	at org.gradle.internal.execution.steps.StoreExecutionStateStep.execute(StoreExecutionStateStep.java:25)
	at org.gradle.internal.execution.steps.RecordOutputsStep.execute(RecordOutputsStep.java:36)
	at org.gradle.internal.execution.steps.RecordOutputsStep.execute(RecordOutputsStep.java:22)
	at org.gradle.internal.execution.steps.SkipUpToDateStep.executeBecause(SkipUpToDateStep.java:91)
	at org.gradle.internal.execution.steps.SkipUpToDateStep.lambda$execute$2(SkipUpToDateStep.java:55)
	at org.gradle.internal.execution.steps.SkipUpToDateStep.execute(SkipUpToDateStep.java:55)
	at org.gradle.internal.execution.steps.SkipUpToDateStep.execute(SkipUpToDateStep.java:37)
	at org.gradle.internal.execution.steps.ResolveChangesStep.execute(ResolveChangesStep.java:65)
	at org.gradle.internal.execution.steps.ResolveChangesStep.execute(ResolveChangesStep.java:36)
	at org.gradle.internal.execution.steps.legacy.MarkSnapshottingInputsFinishedStep.execute(MarkSnapshottingInputsFinishedStep.java:37)
	at org.gradle.internal.execution.steps.legacy.MarkSnapshottingInputsFinishedStep.execute(MarkSnapshottingInputsFinishedStep.java:27)
	at org.gradle.internal.execution.steps.ResolveCachingStateStep.execute(ResolveCachingStateStep.java:77)
	at org.gradle.internal.execution.steps.ResolveCachingStateStep.execute(ResolveCachingStateStep.java:38)
	at org.gradle.internal.execution.steps.ValidateStep.execute(ValidateStep.java:94)
	at org.gradle.internal.execution.steps.ValidateStep.execute(ValidateStep.java:49)
	at org.gradle.internal.execution.steps.CaptureStateBeforeExecutionStep.execute(CaptureStateBeforeExecutionStep.java:71)
	at org.gradle.internal.execution.steps.CaptureStateBeforeExecutionStep.execute(CaptureStateBeforeExecutionStep.java:45)
	at org.gradle.internal.execution.steps.SkipEmptyWorkStep.executeWithNonEmptySources(SkipEmptyWorkStep.java:177)
	at org.gradle.internal.execution.steps.SkipEmptyWorkStep.execute(SkipEmptyWorkStep.java:86)
	at org.gradle.internal.execution.steps.SkipEmptyWorkStep.execute(SkipEmptyWorkStep.java:53)
	at org.gradle.internal.execution.steps.RemoveUntrackedExecutionStateStep.execute(RemoveUntrackedExecutionStateStep.java:32)
	at org.gradle.internal.execution.steps.RemoveUntrackedExecutionStateStep.execute(RemoveUntrackedExecutionStateStep.java:21)
	at org.gradle.internal.execution.steps.legacy.MarkSnapshottingInputsStartedStep.execute(MarkSnapshottingInputsStartedStep.java:38)
	at org.gradle.internal.execution.steps.LoadPreviousExecutionStateStep.execute(LoadPreviousExecutionStateStep.java:36)
	at org.gradle.internal.execution.steps.LoadPreviousExecutionStateStep.execute(LoadPreviousExecutionStateStep.java:23)
	at org.gradle.internal.execution.steps.CleanupStaleOutputsStep.execute(CleanupStaleOutputsStep.java:75)
	at org.gradle.internal.execution.steps.CleanupStaleOutputsStep.execute(CleanupStaleOutputsStep.java:41)
	at org.gradle.internal.execution.steps.AssignWorkspaceStep.lambda$execute$0(AssignWorkspaceStep.java:32)
	at org.gradle.api.internal.tasks.execution.TaskExecution$4.withWorkspace(TaskExecution.java:293)
	at org.gradle.internal.execution.steps.AssignWorkspaceStep.execute(AssignWorkspaceStep.java:30)
	at org.gradle.internal.execution.steps.AssignWorkspaceStep.execute(AssignWorkspaceStep.java:21)
	at org.gradle.internal.execution.steps.IdentityCacheStep.execute(IdentityCacheStep.java:37)
	at org.gradle.internal.execution.steps.IdentityCacheStep.execute(IdentityCacheStep.java:27)
	at org.gradle.internal.execution.steps.IdentifyStep.execute(IdentifyStep.java:47)
	at org.gradle.internal.execution.steps.IdentifyStep.execute(IdentifyStep.java:34)
	at org.gradle.internal.execution.impl.DefaultExecutionEngine$1.execute(DefaultExecutionEngine.java:64)
	at org.gradle.api.internal.tasks.execution.ExecuteActionsTaskExecuter.executeIfValid(ExecuteActionsTaskExecuter.java:146)
	at org.gradle.api.internal.tasks.execution.ExecuteActionsTaskExecuter.execute(ExecuteActionsTaskExecuter.java:135)
	at org.gradle.api.internal.tasks.execution.FinalizePropertiesTaskExecuter.execute(FinalizePropertiesTaskExecuter.java:46)
	at org.gradle.api.internal.tasks.execution.ResolveTaskExecutionModeExecuter.execute(ResolveTaskExecutionModeExecuter.java:51)
	at org.gradle.api.internal.tasks.execution.SkipTaskWithNoActionsExecuter.execute(SkipTaskWithNoActionsExecuter.java:57)
	at org.gradle.api.internal.tasks.execution.SkipOnlyIfTaskExecuter.execute(SkipOnlyIfTaskExecuter.java:74)
	at org.gradle.api.internal.tasks.execution.CatchExceptionTaskExecuter.execute(CatchExceptionTaskExecuter.java:36)
	at org.gradle.api.internal.tasks.execution.EventFiringTaskExecuter$1.executeTask(EventFiringTaskExecuter.java:77)
	at org.gradle.api.internal.tasks.execution.EventFiringTaskExecuter$1.call(EventFiringTaskExecuter.java:55)
	at org.gradle.api.internal.tasks.execution.EventFiringTaskExecuter$1.call(EventFiringTaskExecuter.java:52)
	at org.gradle.internal.operations.DefaultBuildOperationRunner$CallableBuildOperationWorker.execute(DefaultBuildOperationRunner.java:204)
	at org.gradle.internal.operations.DefaultBuildOperationRunner$CallableBuildOperationWorker.execute(DefaultBuildOperationRunner.java:199)
	at org.gradle.internal.operations.DefaultBuildOperationRunner$2.execute(DefaultBuildOperationRunner.java:66)
	at org.gradle.internal.operations.DefaultBuildOperationRunner$2.execute(DefaultBuildOperationRunner.java:59)
	at org.gradle.internal.operations.DefaultBuildOperationRunner.execute(DefaultBuildOperationRunner.java:157)
	at org.gradle.internal.operations.DefaultBuildOperationRunner.execute(DefaultBuildOperationRunner.java:59)
	at org.gradle.internal.operations.DefaultBuildOperationRunner.call(DefaultBuildOperationRunner.java:53)
	at org.gradle.internal.operations.DefaultBuildOperationExecutor.call(DefaultBuildOperationExecutor.java:73)
	at org.gradle.api.internal.tasks.execution.EventFiringTaskExecuter.execute(EventFiringTaskExecuter.java:52)
	at org.gradle.execution.plan.LocalTaskNodeExecutor.execute(LocalTaskNodeExecutor.java:42)
	at org.gradle.execution.taskgraph.DefaultTaskExecutionGraph$InvokeNodeExecutorsAction.execute(DefaultTaskExecutionGraph.java:337)
	at org.gradle.execution.taskgraph.DefaultTaskExecutionGraph$InvokeNodeExecutorsAction.execute(DefaultTaskExecutionGraph.java:324)
	at org.gradle.execution.taskgraph.DefaultTaskExecutionGraph$BuildOperationAwareExecutionAction.execute(DefaultTaskExecutionGraph.java:317)
	at org.gradle.execution.taskgraph.DefaultTaskExecutionGraph$BuildOperationAwareExecutionAction.execute(DefaultTaskExecutionGraph.java:303)
	at org.gradle.execution.plan.DefaultPlanExecutor$ExecutorWorker.execute(DefaultPlanExecutor.java:463)
	at org.gradle.execution.plan.DefaultPlanExecutor$ExecutorWorker.run(DefaultPlanExecutor.java:380)
	at org.gradle.execution.plan.DefaultPlanExecutor.process(DefaultPlanExecutor.java:116)
	at org.gradle.execution.taskgraph.DefaultTaskExecutionGraph.executeWithServices(DefaultTaskExecutionGraph.java:138)
	at org.gradle.execution.taskgraph.DefaultTaskExecutionGraph.execute(DefaultTaskExecutionGraph.java:123)
	at org.gradle.execution.SelectedTaskExecutionAction.execute(SelectedTaskExecutionAction.java:35)
	at org.gradle.execution.DryRunBuildExecutionAction.execute(DryRunBuildExecutionAction.java:51)
	at org.gradle.execution.BuildOperationFiringBuildWorkerExecutor$ExecuteTasks.call(BuildOperationFiringBuildWorkerExecutor.java:54)
	at org.gradle.execution.BuildOperationFiringBuildWorkerExecutor$ExecuteTasks.call(BuildOperationFiringBuildWorkerExecutor.java:43)
	at org.gradle.internal.operations.DefaultBuildOperationRunner$CallableBuildOperationWorker.execute(DefaultBuildOperationRunner.java:204)
	at org.gradle.internal.operations.DefaultBuildOperationRunner$CallableBuildOperationWorker.execute(DefaultBuildOperationRunner.java:199)
	at org.gradle.internal.operations.DefaultBuildOperationRunner$2.execute(DefaultBuildOperationRunner.java:66)
	at org.gradle.internal.operations.DefaultBuildOperationRunner$2.execute(DefaultBuildOperationRunner.java:59)
	at org.gradle.internal.operations.DefaultBuildOperationRunner.execute(DefaultBuildOperationRunner.java:157)
	at org.gradle.internal.operations.DefaultBuildOperationRunner.execute(DefaultBuildOperationRunner.java:59)
	at org.gradle.internal.operations.DefaultBuildOperationRunner.call(DefaultBuildOperationRunner.java:53)
	at org.gradle.internal.operations.DefaultBuildOperationExecutor.call(DefaultBuildOperationExecutor.java:73)
	at org.gradle.execution.BuildOperationFiringBuildWorkerExecutor.execute(BuildOperationFiringBuildWorkerExecutor.java:40)
	at org.gradle.internal.build.DefaultBuildLifecycleController.lambda$executeTasks$10(DefaultBuildLifecycleController.java:264)
	at org.gradle.internal.model.StateTransitionController.doTransition(StateTransitionController.java:266)
	at org.gradle.internal.model.StateTransitionController.lambda$tryTransition$8(StateTransitionController.java:177)
	at org.gradle.internal.work.DefaultSynchronizer.withLock(DefaultSynchronizer.java:44)
	at org.gradle.internal.model.StateTransitionController.tryTransition(StateTransitionController.java:177)
	at org.gradle.internal.build.DefaultBuildLifecycleController.executeTasks(DefaultBuildLifecycleController.java:255)
	at org.gradle.internal.build.DefaultBuildWorkGraphController$DefaultBuildWorkGraph.runWork(DefaultBuildWorkGraphController.java:220)
	at org.gradle.internal.work.DefaultWorkerLeaseService.withLocks(DefaultWorkerLeaseService.java:249)
	at org.gradle.internal.work.DefaultWorkerLeaseService.runAsWorkerThread(DefaultWorkerLeaseService.java:109)
	at org.gradle.composite.internal.DefaultBuildController.doRun(DefaultBuildController.java:181)
	at org.gradle.composite.internal.DefaultBuildController.access$000(DefaultBuildController.java:50)
	at org.gradle.composite.internal.DefaultBuildController$BuildOpRunnable.run(DefaultBuildController.java:200)
	at org.gradle.internal.concurrent.ExecutorPolicy$CatchAndRecordFailures.onExecute(ExecutorPolicy.java:64)
	at org.gradle.internal.concurrent.AbstractManagedExecutor$1.run(AbstractManagedExecutor.java:47)
Caused by: org.jetbrains.kotlin.gradle.tasks.CompilationErrorException: Compilation error. See log for more details
	at org.jetbrains.kotlin.gradle.tasks.TasksUtilsKt.throwExceptionIfCompilationFailed(tasksUtils.kt:20)
	at org.jetbrains.kotlin.compilerRunner.GradleKotlinCompilerWork.run(GradleKotlinCompilerWork.kt:141)
	at org.jetbrains.kotlin.compilerRunner.GradleCompilerRunnerWithWorkers$GradleKotlinCompilerWorkAction.execute(GradleCompilerRunnerWithWorkers.kt:73)
	at org.gradle.workers.internal.DefaultWorkerServer.execute(DefaultWorkerServer.java:63)
	at org.gradle.workers.internal.NoIsolationWorkerFactory$1$1.create(NoIsolationWorkerFactory.java:66)
	at org.gradle.workers.internal.NoIsolationWorkerFactory$1$1.create(NoIsolationWorkerFactory.java:62)
	at org.gradle.internal.classloader.ClassLoaderUtils.executeInClassloader(ClassLoaderUtils.java:100)
	at org.gradle.workers.internal.NoIsolationWorkerFactory$1.lambda$execute$0(NoIsolationWorkerFactory.java:62)
	at org.gradle.workers.internal.AbstractWorker$1.call(AbstractWorker.java:44)
	at org.gradle.workers.internal.AbstractWorker$1.call(AbstractWorker.java:41)
	at org.gradle.internal.operations.DefaultBuildOperationRunner$CallableBuildOperationWorker.execute(DefaultBuildOperationRunner.java:204)
	at org.gradle.internal.operations.DefaultBuildOperationRunner$CallableBuildOperationWorker.execute(DefaultBuildOperationRunner.java:199)
	at org.gradle.internal.operations.DefaultBuildOperationRunner$2.execute(DefaultBuildOperationRunner.java:66)
	at org.gradle.internal.operations.DefaultBuildOperationRunner$2.execute(DefaultBuildOperationRunner.java:59)
	at org.gradle.internal.operations.DefaultBuildOperationRunner.execute(DefaultBuildOperationRunner.java:157)
	at org.gradle.internal.operations.DefaultBuildOperationRunner.execute(DefaultBuildOperationRunner.java:59)
	at org.gradle.internal.operations.DefaultBuildOperationRunner.call(DefaultBuildOperationRunner.java:53)
	at org.gradle.internal.operations.DefaultBuildOperationExecutor.call(DefaultBuildOperationExecutor.java:73)
	at org.gradle.workers.internal.AbstractWorker.executeWrappedInBuildOperation(AbstractWorker.java:41)
	at org.gradle.workers.internal.NoIsolationWorkerFactory$1.execute(NoIsolationWorkerFactory.java:59)
	at org.gradle.workers.internal.DefaultWorkerExecutor.lambda$submitWork$0(DefaultWorkerExecutor.java:170)
	at org.gradle.internal.work.DefaultConditionalExecutionQueue$ExecutionRunner.runExecution(DefaultConditionalExecutionQueue.java:187)
	at org.gradle.internal.work.DefaultConditionalExecutionQueue$ExecutionRunner.access$700(DefaultConditionalExecutionQueue.java:120)
	at org.gradle.internal.work.DefaultConditionalExecutionQueue$ExecutionRunner$1.run(DefaultConditionalExecutionQueue.java:162)
	at org.gradle.internal.Factories$1.create(Factories.java:31)
	at org.gradle.internal.work.DefaultWorkerLeaseService.withLocks(DefaultWorkerLeaseService.java:249)
	at org.gradle.internal.work.DefaultWorkerLeaseService.runAsWorkerThread(DefaultWorkerLeaseService.java:109)
	at org.gradle.internal.work.DefaultWorkerLeaseService.runAsWorkerThread(DefaultWorkerLeaseService.java:114)
	at org.gradle.internal.work.DefaultConditionalExecutionQueue$ExecutionRunner.runBatch(DefaultConditionalExecutionQueue.java:157)
	at org.gradle.internal.work.DefaultConditionalExecutionQueue$ExecutionRunner.run(DefaultConditionalExecutionQueue.java:126)
	... 2 more

==============================================================================

2: Task failed with an exception.
-----------
* What went wrong:
Execution failed for task ':data:compileDebugKotlin'.
> A failure occurred while executing org.jetbrains.kotlin.compilerRunner.GradleCompilerRunnerWithWorkers$GradleKotlinCompilerWorkAction
   > Compilation error. See log for more details

* Try:
> Run with --info or --debug option to get more log output.
> Run with --scan to get full insights.
> Get more help at https://help.gradle.org.

* Exception is:
org.gradle.api.tasks.TaskExecutionException: Execution failed for task ':data:compileDebugKotlin'.
	at org.gradle.api.internal.tasks.execution.ExecuteActionsTaskExecuter.lambda$executeIfValid$1(ExecuteActionsTaskExecuter.java:149)
	at org.gradle.internal.Try$Failure.ifSuccessfulOrElse(Try.java:282)
	at org.gradle.api.internal.tasks.execution.ExecuteActionsTaskExecuter.executeIfValid(ExecuteActionsTaskExecuter.java:147)
	at org.gradle.api.internal.tasks.execution.ExecuteActionsTaskExecuter.execute(ExecuteActionsTaskExecuter.java:135)
	at org.gradle.api.internal.tasks.execution.FinalizePropertiesTaskExecuter.execute(FinalizePropertiesTaskExecuter.java:46)
	at org.gradle.api.internal.tasks.execution.ResolveTaskExecutionModeExecuter.execute(ResolveTaskExecutionModeExecuter.java:51)
	at org.gradle.api.internal.tasks.execution.SkipTaskWithNoActionsExecuter.execute(SkipTaskWithNoActionsExecuter.java:57)
	at org.gradle.api.internal.tasks.execution.SkipOnlyIfTaskExecuter.execute(SkipOnlyIfTaskExecuter.java:74)
	at org.gradle.api.internal.tasks.execution.CatchExceptionTaskExecuter.execute(CatchExceptionTaskExecuter.java:36)
	at org.gradle.api.internal.tasks.execution.EventFiringTaskExecuter$1.executeTask(EventFiringTaskExecuter.java:77)
	at org.gradle.api.internal.tasks.execution.EventFiringTaskExecuter$1.call(EventFiringTaskExecuter.java:55)
	at org.gradle.api.internal.tasks.execution.EventFiringTaskExecuter$1.call(EventFiringTaskExecuter.java:52)
	at org.gradle.internal.operations.DefaultBuildOperationRunner$CallableBuildOperationWorker.execute(DefaultBuildOperationRunner.java:204)
	at org.gradle.internal.operations.DefaultBuildOperationRunner$CallableBuildOperationWorker.execute(DefaultBuildOperationRunner.java:199)
	at org.gradle.internal.operations.DefaultBuildOperationRunner$2.execute(DefaultBuildOperationRunner.java:66)
	at org.gradle.internal.operations.DefaultBuildOperationRunner$2.execute(DefaultBuildOperationRunner.java:59)
	at org.gradle.internal.operations.DefaultBuildOperationRunner.execute(DefaultBuildOperationRunner.java:157)
	at org.gradle.internal.operations.DefaultBuildOperationRunner.execute(DefaultBuildOperationRunner.java:59)
	at org.gradle.internal.operations.DefaultBuildOperationRunner.call(DefaultBuildOperationRunner.java:53)
	at org.gradle.internal.operations.DefaultBuildOperationExecutor.call(DefaultBuildOperationExecutor.java:73)
	at org.gradle.api.internal.tasks.execution.EventFiringTaskExecuter.execute(EventFiringTaskExecuter.java:52)
	at org.gradle.execution.plan.LocalTaskNodeExecutor.execute(LocalTaskNodeExecutor.java:42)
	at org.gradle.execution.taskgraph.DefaultTaskExecutionGraph$InvokeNodeExecutorsAction.execute(DefaultTaskExecutionGraph.java:337)
	at org.gradle.execution.taskgraph.DefaultTaskExecutionGraph$InvokeNodeExecutorsAction.execute(DefaultTaskExecutionGraph.java:324)
	at org.gradle.execution.taskgraph.DefaultTaskExecutionGraph$BuildOperationAwareExecutionAction.execute(DefaultTaskExecutionGraph.java:317)
	at org.gradle.execution.taskgraph.DefaultTaskExecutionGraph$BuildOperationAwareExecutionAction.execute(DefaultTaskExecutionGraph.java:303)
	at org.gradle.execution.plan.DefaultPlanExecutor$ExecutorWorker.execute(DefaultPlanExecutor.java:463)
	at org.gradle.execution.plan.DefaultPlanExecutor$ExecutorWorker.run(DefaultPlanExecutor.java:380)
	at org.gradle.internal.concurrent.ExecutorPolicy$CatchAndRecordFailures.onExecute(ExecutorPolicy.java:64)
	at org.gradle.internal.concurrent.AbstractManagedExecutor$1.run(AbstractManagedExecutor.java:47)
	at java.base/java.util.concurrent.ThreadPoolExecutor.runWorker(ThreadPoolExecutor.java:1136)
	at java.base/java.util.concurrent.ThreadPoolExecutor$Worker.run(ThreadPoolExecutor.java:635)
	at java.base/java.lang.Thread.run(Thread.java:840)
Caused by: org.gradle.workers.internal.DefaultWorkerExecutor$WorkExecutionException: A failure occurred while executing org.jetbrains.kotlin.compilerRunner.GradleCompilerRunnerWithWorkers$GradleKotlinCompilerWorkAction
	at org.gradle.workers.internal.DefaultWorkerExecutor$WorkItemExecution.waitForCompletion(DefaultWorkerExecutor.java:283)
	at org.gradle.internal.work.DefaultAsyncWorkTracker.lambda$waitForItemsAndGatherFailures$2(DefaultAsyncWorkTracker.java:130)
	at org.gradle.internal.Factories$1.create(Factories.java:31)
	at org.gradle.internal.work.DefaultWorkerLeaseService.withoutLocks(DefaultWorkerLeaseService.java:321)
	at org.gradle.internal.work.DefaultWorkerLeaseService.withoutLocks(DefaultWorkerLeaseService.java:304)
	at org.gradle.internal.work.DefaultWorkerLeaseService.withoutLock(DefaultWorkerLeaseService.java:309)
	at org.gradle.internal.work.DefaultAsyncWorkTracker.waitForItemsAndGatherFailures(DefaultAsyncWorkTracker.java:126)
	at org.gradle.internal.work.DefaultAsyncWorkTracker.waitForItemsAndGatherFailures(DefaultAsyncWorkTracker.java:92)
	at org.gradle.internal.work.DefaultAsyncWorkTracker.waitForAll(DefaultAsyncWorkTracker.java:78)
	at org.gradle.internal.work.DefaultAsyncWorkTracker.waitForCompletion(DefaultAsyncWorkTracker.java:66)
	at org.gradle.api.internal.tasks.execution.TaskExecution$3.run(TaskExecution.java:256)
	at org.gradle.internal.operations.DefaultBuildOperationRunner$1.execute(DefaultBuildOperationRunner.java:29)
	at org.gradle.internal.operations.DefaultBuildOperationRunner$1.execute(DefaultBuildOperationRunner.java:26)
	at org.gradle.internal.operations.DefaultBuildOperationRunner$2.execute(DefaultBuildOperationRunner.java:66)
	at org.gradle.internal.operations.DefaultBuildOperationRunner$2.execute(DefaultBuildOperationRunner.java:59)
	at org.gradle.internal.operations.DefaultBuildOperationRunner.execute(DefaultBuildOperationRunner.java:157)
	at org.gradle.internal.operations.DefaultBuildOperationRunner.execute(DefaultBuildOperationRunner.java:59)
	at org.gradle.internal.operations.DefaultBuildOperationRunner.run(DefaultBuildOperationRunner.java:47)
	at org.gradle.internal.operations.DefaultBuildOperationExecutor.run(DefaultBuildOperationExecutor.java:68)
	at org.gradle.api.internal.tasks.execution.TaskExecution.executeAction(TaskExecution.java:233)
	at org.gradle.api.internal.tasks.execution.TaskExecution.executeActions(TaskExecution.java:216)
	at org.gradle.api.internal.tasks.execution.TaskExecution.executeWithPreviousOutputFiles(TaskExecution.java:199)
	at org.gradle.api.internal.tasks.execution.TaskExecution.execute(TaskExecution.java:166)
	at org.gradle.internal.execution.steps.ExecuteStep.executeInternal(ExecuteStep.java:105)
	at org.gradle.internal.execution.steps.ExecuteStep.access$000(ExecuteStep.java:44)
	at org.gradle.internal.execution.steps.ExecuteStep$1.call(ExecuteStep.java:59)
	at org.gradle.internal.execution.steps.ExecuteStep$1.call(ExecuteStep.java:56)
	at org.gradle.internal.operations.DefaultBuildOperationRunner$CallableBuildOperationWorker.execute(DefaultBuildOperationRunner.java:204)
	at org.gradle.internal.operations.DefaultBuildOperationRunner$CallableBuildOperationWorker.execute(DefaultBuildOperationRunner.java:199)
	at org.gradle.internal.operations.DefaultBuildOperationRunner$2.execute(DefaultBuildOperationRunner.java:66)
	at org.gradle.internal.operations.DefaultBuildOperationRunner$2.execute(DefaultBuildOperationRunner.java:59)
	at org.gradle.internal.operations.DefaultBuildOperationRunner.execute(DefaultBuildOperationRunner.java:157)
	at org.gradle.internal.operations.DefaultBuildOperationRunner.execute(DefaultBuildOperationRunner.java:59)
	at org.gradle.internal.operations.DefaultBuildOperationRunner.call(DefaultBuildOperationRunner.java:53)
	at org.gradle.internal.operations.DefaultBuildOperationExecutor.call(DefaultBuildOperationExecutor.java:73)
	at org.gradle.internal.execution.steps.ExecuteStep.execute(ExecuteStep.java:56)
	at org.gradle.internal.execution.steps.ExecuteStep.execute(ExecuteStep.java:44)
	at org.gradle.internal.execution.steps.RemovePreviousOutputsStep.execute(RemovePreviousOutputsStep.java:67)
	at org.gradle.internal.execution.steps.RemovePreviousOutputsStep.execute(RemovePreviousOutputsStep.java:37)
	at org.gradle.internal.execution.steps.CancelExecutionStep.execute(CancelExecutionStep.java:41)
	at org.gradle.internal.execution.steps.TimeoutStep.executeWithoutTimeout(TimeoutStep.java:74)
	at org.gradle.internal.execution.steps.TimeoutStep.execute(TimeoutStep.java:55)
	at org.gradle.internal.execution.steps.CreateOutputsStep.execute(CreateOutputsStep.java:50)
	at org.gradle.internal.execution.steps.CreateOutputsStep.execute(CreateOutputsStep.java:28)
	at org.gradle.internal.execution.steps.CaptureStateAfterExecutionStep.executeDelegateBroadcastingChanges(CaptureStateAfterExecutionStep.java:100)
	at org.gradle.internal.execution.steps.CaptureStateAfterExecutionStep.execute(CaptureStateAfterExecutionStep.java:72)
	at org.gradle.internal.execution.steps.CaptureStateAfterExecutionStep.execute(CaptureStateAfterExecutionStep.java:50)
	at org.gradle.internal.execution.steps.ResolveInputChangesStep.execute(ResolveInputChangesStep.java:40)
	at org.gradle.internal.execution.steps.ResolveInputChangesStep.execute(ResolveInputChangesStep.java:29)
	at org.gradle.internal.execution.steps.BuildCacheStep.executeWithoutCache(BuildCacheStep.java:179)
	at org.gradle.internal.execution.steps.BuildCacheStep.executeAndStoreInCache(BuildCacheStep.java:139)
	at org.gradle.internal.execution.steps.BuildCacheStep.lambda$executeWithCache$4(BuildCacheStep.java:106)
	at java.base/java.util.Optional.orElseGet(Optional.java:364)
	at org.gradle.internal.execution.steps.BuildCacheStep.lambda$executeWithCache$5(BuildCacheStep.java:106)
	at org.gradle.internal.Try$Success.map(Try.java:164)
	at org.gradle.internal.execution.steps.BuildCacheStep.executeWithCache(BuildCacheStep.java:80)
	at org.gradle.internal.execution.steps.BuildCacheStep.lambda$execute$0(BuildCacheStep.java:69)
	at org.gradle.internal.Either$Left.fold(Either.java:115)
	at org.gradle.internal.execution.caching.CachingState.fold(CachingState.java:59)
	at org.gradle.internal.execution.steps.BuildCacheStep.execute(BuildCacheStep.java:68)
	at org.gradle.internal.execution.steps.BuildCacheStep.execute(BuildCacheStep.java:46)
	at org.gradle.internal.execution.steps.StoreExecutionStateStep.execute(StoreExecutionStateStep.java:36)
	at org.gradle.internal.execution.steps.StoreExecutionStateStep.execute(StoreExecutionStateStep.java:25)
	at org.gradle.internal.execution.steps.RecordOutputsStep.execute(RecordOutputsStep.java:36)
	at org.gradle.internal.execution.steps.RecordOutputsStep.execute(RecordOutputsStep.java:22)
	at org.gradle.internal.execution.steps.SkipUpToDateStep.executeBecause(SkipUpToDateStep.java:91)
	at org.gradle.internal.execution.steps.SkipUpToDateStep.lambda$execute$2(SkipUpToDateStep.java:55)
	at java.base/java.util.Optional.orElseGet(Optional.java:364)
	at org.gradle.internal.execution.steps.SkipUpToDateStep.execute(SkipUpToDateStep.java:55)
	at org.gradle.internal.execution.steps.SkipUpToDateStep.execute(SkipUpToDateStep.java:37)
	at org.gradle.internal.execution.steps.ResolveChangesStep.execute(ResolveChangesStep.java:65)
	at org.gradle.internal.execution.steps.ResolveChangesStep.execute(ResolveChangesStep.java:36)
	at org.gradle.internal.execution.steps.legacy.MarkSnapshottingInputsFinishedStep.execute(MarkSnapshottingInputsFinishedStep.java:37)
	at org.gradle.internal.execution.steps.legacy.MarkSnapshottingInputsFinishedStep.execute(MarkSnapshottingInputsFinishedStep.java:27)
	at org.gradle.internal.execution.steps.ResolveCachingStateStep.execute(ResolveCachingStateStep.java:77)
	at org.gradle.internal.execution.steps.ResolveCachingStateStep.execute(ResolveCachingStateStep.java:38)
	at org.gradle.internal.execution.steps.ValidateStep.execute(ValidateStep.java:94)
	at org.gradle.internal.execution.steps.ValidateStep.execute(ValidateStep.java:49)
	at org.gradle.internal.execution.steps.CaptureStateBeforeExecutionStep.execute(CaptureStateBeforeExecutionStep.java:71)
	at org.gradle.internal.execution.steps.CaptureStateBeforeExecutionStep.execute(CaptureStateBeforeExecutionStep.java:45)
	at org.gradle.internal.execution.steps.SkipEmptyWorkStep.executeWithNonEmptySources(SkipEmptyWorkStep.java:177)
	at org.gradle.internal.execution.steps.SkipEmptyWorkStep.execute(SkipEmptyWorkStep.java:86)
	at org.gradle.internal.execution.steps.SkipEmptyWorkStep.execute(SkipEmptyWorkStep.java:53)
	at org.gradle.internal.execution.steps.RemoveUntrackedExecutionStateStep.execute(RemoveUntrackedExecutionStateStep.java:32)
	at org.gradle.internal.execution.steps.RemoveUntrackedExecutionStateStep.execute(RemoveUntrackedExecutionStateStep.java:21)
	at org.gradle.internal.execution.steps.legacy.MarkSnapshottingInputsStartedStep.execute(MarkSnapshottingInputsStartedStep.java:38)
	at org.gradle.internal.execution.steps.LoadPreviousExecutionStateStep.execute(LoadPreviousExecutionStateStep.java:36)
	at org.gradle.internal.execution.steps.LoadPreviousExecutionStateStep.execute(LoadPreviousExecutionStateStep.java:23)
	at org.gradle.internal.execution.steps.CleanupStaleOutputsStep.execute(CleanupStaleOutputsStep.java:75)
	at org.gradle.internal.execution.steps.CleanupStaleOutputsStep.execute(CleanupStaleOutputsStep.java:41)
	at org.gradle.internal.execution.steps.AssignWorkspaceStep.lambda$execute$0(AssignWorkspaceStep.java:32)
	at org.gradle.api.internal.tasks.execution.TaskExecution$4.withWorkspace(TaskExecution.java:293)
	at org.gradle.internal.execution.steps.AssignWorkspaceStep.execute(AssignWorkspaceStep.java:30)
	at org.gradle.internal.execution.steps.AssignWorkspaceStep.execute(AssignWorkspaceStep.java:21)
	at org.gradle.internal.execution.steps.IdentityCacheStep.execute(IdentityCacheStep.java:37)
	at org.gradle.internal.execution.steps.IdentityCacheStep.execute(IdentityCacheStep.java:27)
	at org.gradle.internal.execution.steps.IdentifyStep.execute(IdentifyStep.java:47)
	at org.gradle.internal.execution.steps.IdentifyStep.execute(IdentifyStep.java:34)
	at org.gradle.internal.execution.impl.DefaultExecutionEngine$1.execute(DefaultExecutionEngine.java:64)
	at org.gradle.api.internal.tasks.execution.ExecuteActionsTaskExecuter.executeIfValid(ExecuteActionsTaskExecuter.java:146)
	at org.gradle.api.internal.tasks.execution.ExecuteActionsTaskExecuter.execute(ExecuteActionsTaskExecuter.java:135)
	at org.gradle.api.internal.tasks.execution.FinalizePropertiesTaskExecuter.execute(FinalizePropertiesTaskExecuter.java:46)
	at org.gradle.api.internal.tasks.execution.ResolveTaskExecutionModeExecuter.execute(ResolveTaskExecutionModeExecuter.java:51)
	at org.gradle.api.internal.tasks.execution.SkipTaskWithNoActionsExecuter.execute(SkipTaskWithNoActionsExecuter.java:57)
	at org.gradle.api.internal.tasks.execution.SkipOnlyIfTaskExecuter.execute(SkipOnlyIfTaskExecuter.java:74)
	at org.gradle.api.internal.tasks.execution.CatchExceptionTaskExecuter.execute(CatchExceptionTaskExecuter.java:36)
	at org.gradle.api.internal.tasks.execution.EventFiringTaskExecuter$1.executeTask(EventFiringTaskExecuter.java:77)
	at org.gradle.api.internal.tasks.execution.EventFiringTaskExecuter$1.call(EventFiringTaskExecuter.java:55)
	at org.gradle.api.internal.tasks.execution.EventFiringTaskExecuter$1.call(EventFiringTaskExecuter.java:52)
	at org.gradle.internal.operations.DefaultBuildOperationRunner$CallableBuildOperationWorker.execute(DefaultBuildOperationRunner.java:204)
	at org.gradle.internal.operations.DefaultBuildOperationRunner$CallableBuildOperationWorker.execute(DefaultBuildOperationRunner.java:199)
	at org.gradle.internal.operations.DefaultBuildOperationRunner$2.execute(DefaultBuildOperationRunner.java:66)
	at org.gradle.internal.operations.DefaultBuildOperationRunner$2.execute(DefaultBuildOperationRunner.java:59)
	at org.gradle.internal.operations.DefaultBuildOperationRunner.execute(DefaultBuildOperationRunner.java:157)
	at org.gradle.internal.operations.DefaultBuildOperationRunner.execute(DefaultBuildOperationRunner.java:59)
	at org.gradle.internal.operations.DefaultBuildOperationRunner.call(DefaultBuildOperationRunner.java:53)
	at org.gradle.internal.operations.DefaultBuildOperationExecutor.call(DefaultBuildOperationExecutor.java:73)
	at org.gradle.api.internal.tasks.execution.EventFiringTaskExecuter.execute(EventFiringTaskExecuter.java:52)
	at org.gradle.execution.plan.LocalTaskNodeExecutor.execute(LocalTaskNodeExecutor.java:42)
	at org.gradle.execution.taskgraph.DefaultTaskExecutionGraph$InvokeNodeExecutorsAction.execute(DefaultTaskExecutionGraph.java:337)
	at org.gradle.execution.taskgraph.DefaultTaskExecutionGraph$InvokeNodeExecutorsAction.execute(DefaultTaskExecutionGraph.java:324)
	at org.gradle.execution.taskgraph.DefaultTaskExecutionGraph$BuildOperationAwareExecutionAction.execute(DefaultTaskExecutionGraph.java:317)
	at org.gradle.execution.taskgraph.DefaultTaskExecutionGraph$BuildOperationAwareExecutionAction.execute(DefaultTaskExecutionGraph.java:303)
	at org.gradle.execution.plan.DefaultPlanExecutor$ExecutorWorker.execute(DefaultPlanExecutor.java:463)
	at org.gradle.execution.plan.DefaultPlanExecutor$ExecutorWorker.run(DefaultPlanExecutor.java:380)
	at org.gradle.internal.concurrent.ExecutorPolicy$CatchAndRecordFailures.onExecute(ExecutorPolicy.java:64)
	at org.gradle.internal.concurrent.AbstractManagedExecutor$1.run(AbstractManagedExecutor.java:47)
	at java.base/java.util.concurrent.ThreadPoolExecutor.runWorker(ThreadPoolExecutor.java:1136)
	at java.base/java.util.concurrent.ThreadPoolExecutor$Worker.run(ThreadPoolExecutor.java:635)
	at java.base/java.lang.Thread.run(Thread.java:840)
Caused by: org.jetbrains.kotlin.gradle.tasks.CompilationErrorException: Compilation error. See log for more details
	at org.jetbrains.kotlin.gradle.tasks.TasksUtilsKt.throwExceptionIfCompilationFailed(tasksUtils.kt:20)
	at org.jetbrains.kotlin.compilerRunner.GradleKotlinCompilerWork.run(GradleKotlinCompilerWork.kt:141)
	at org.jetbrains.kotlin.compilerRunner.GradleCompilerRunnerWithWorkers$GradleKotlinCompilerWorkAction.execute(GradleCompilerRunnerWithWorkers.kt:73)
	at org.gradle.workers.internal.DefaultWorkerServer.execute(DefaultWorkerServer.java:63)
	at org.gradle.workers.internal.NoIsolationWorkerFactory$1$1.create(NoIsolationWorkerFactory.java:66)
	at org.gradle.workers.internal.NoIsolationWorkerFactory$1$1.create(NoIsolationWorkerFactory.java:62)
	at org.gradle.internal.classloader.ClassLoaderUtils.executeInClassloader(ClassLoaderUtils.java:100)
	at org.gradle.workers.internal.NoIsolationWorkerFactory$1.lambda$execute$0(NoIsolationWorkerFactory.java:62)
	at org.gradle.workers.internal.AbstractWorker$1.call(AbstractWorker.java:44)
	at org.gradle.workers.internal.AbstractWorker$1.call(AbstractWorker.java:41)
	at org.gradle.internal.operations.DefaultBuildOperationRunner$CallableBuildOperationWorker.execute(DefaultBuildOperationRunner.java:204)
	at org.gradle.internal.operations.DefaultBuildOperationRunner$CallableBuildOperationWorker.execute(DefaultBuildOperationRunner.java:199)
	at org.gradle.internal.operations.DefaultBuildOperationRunner$2.execute(DefaultBuildOperationRunner.java:66)
	at org.gradle.internal.operations.DefaultBuildOperationRunner$2.execute(DefaultBuildOperationRunner.java:59)
	at org.gradle.internal.operations.DefaultBuildOperationRunner.execute(DefaultBuildOperationRunner.java:157)
	at org.gradle.internal.operations.DefaultBuildOperationRunner.execute(DefaultBuildOperationRunner.java:59)
	at org.gradle.internal.operations.DefaultBuildOperationRunner.call(DefaultBuildOperationRunner.java:53)
	at org.gradle.internal.operations.DefaultBuildOperationExecutor.call(DefaultBuildOperationExecutor.java:73)
	at org.gradle.workers.internal.AbstractWorker.executeWrappedInBuildOperation(AbstractWorker.java:41)
	at org.gradle.workers.internal.NoIsolationWorkerFactory$1.execute(NoIsolationWorkerFactory.java:59)
	at org.gradle.workers.internal.DefaultWorkerExecutor.lambda$submitWork$0(DefaultWorkerExecutor.java:170)
	at java.base/java.util.concurrent.FutureTask.run(FutureTask.java:264)
	at org.gradle.internal.work.DefaultConditionalExecutionQueue$ExecutionRunner.runExecution(DefaultConditionalExecutionQueue.java:187)
	at org.gradle.internal.work.DefaultConditionalExecutionQueue$ExecutionRunner.access$700(DefaultConditionalExecutionQueue.java:120)
	at org.gradle.internal.work.DefaultConditionalExecutionQueue$ExecutionRunner$1.run(DefaultConditionalExecutionQueue.java:162)
	at org.gradle.internal.Factories$1.create(Factories.java:31)
	at org.gradle.internal.work.DefaultWorkerLeaseService.withLocks(DefaultWorkerLeaseService.java:249)
	at org.gradle.internal.work.DefaultWorkerLeaseService.runAsWorkerThread(DefaultWorkerLeaseService.java:109)
	at org.gradle.internal.work.DefaultWorkerLeaseService.runAsWorkerThread(DefaultWorkerLeaseService.java:114)
	at org.gradle.internal.work.DefaultConditionalExecutionQueue$ExecutionRunner.runBatch(DefaultConditionalExecutionQueue.java:157)
	at org.gradle.internal.work.DefaultConditionalExecutionQueue$ExecutionRunner.run(DefaultConditionalExecutionQueue.java:126)
	at java.base/java.util.concurrent.Executors$RunnableAdapter.call(Executors.java:539)
	at java.base/java.util.concurrent.FutureTask.run(FutureTask.java:264)
	... 5 more

==============================================================================

BUILD FAILED in 5s
288 actionable tasks: 110 executed, 155 from cache, 23 up-to-date
Configuration cache entry reused.
