To honour the JVM settings for this build a single-use Daemon process will be forked. For more on this, please refer to https://docs.gradle.org/8.7/userguide/gradle_daemon.html#sec:disabling_the_daemon in the Gradle documentation.
Daemon will be stopped at the end of the build 
WARNING: We recommend using a newer Android Gradle plugin to use compileSdk = 35

This Android Gradle plugin (8.5.2) was tested up to compileSdk = 34.

You are strongly encouraged to update your project to use a newer
Android Gradle plugin that has been tested with compileSdk = 35.

If you are already using the latest version of the Android Gradle plugin,
you may need to wait until a newer version with support for compileSdk = 35 is available.

For more information refer to the compatibility table:
https://d.android.com/r/tools/api-level-support

To suppress this warning, add/update
    android.suppressUnsupportedCompileSdk=35
to this project's gradle.properties.
> Task :feature-scan:checkKotlinGradlePluginConfigurationErrors
> Task :feature-scan:preBuild UP-TO-DATE
> Task :feature-scan:preDebugBuild UP-TO-DATE
> Task :feature-scan:generateDebugResValues UP-TO-DATE
> Task :feature-scan:generateDebugResources UP-TO-DATE
> Task :feature-scan:packageDebugResources UP-TO-DATE
> Task :feature-scan:parseDebugLocalResources UP-TO-DATE
> Task :feature-scan:generateDebugRFile UP-TO-DATE

> Task :feature-scan:compileDebugKotlin
w: file:///Users/parker/code/ynab-receipt-scanner/feature-scan/src/main/kotlin/com/ynab/receipts/feature/scan/ScanScreen.kt:42:26 'LocalLifecycleOwner: ProvidableCompositionLocal<LifecycleOwner>' is deprecated. Moved to lifecycle-runtime-compose library in androidx.lifecycle.compose package.

BUILD SUCCESSFUL in 24s
7 actionable tasks: 2 executed, 5 up-to-date
